// Jest Snapshot v1, https://goo.gl/fbAQLP

exports[`DataTable @render renders the DataTable without any error 1`] = `
<DocumentFragment>
  <div
    class="dataTable"
    data-testid="dataTable-Sicilia"
  >
    <div
      class="dataTable__header"
    >
      Sicilia
    </div>
    <div
      class="dataTable__row"
      role="button"
      title="Ricoverati con sintomi"
    >
      <div
        class="dataTable__col"
      >
        Ricoverati con sintomi
      </div>
      <div
        class="dataTable__col"
      >
        566
      </div>
    </div>
    <div
      class="dataTable__row"
      role="button"
      title="Terapia intensive"
    >
      <div
        class="dataTable__col"
      >
        Terapia intensive
      </div>
      <div
        class="dataTable__col"
      >
        63
      </div>
    </div>
    <div
      class="dataTable__row"
      role="button"
      title="Totale ospedalizzati"
    >
      <div
        class="dataTable__col"
      >
        Totale ospedalizzati
      </div>
      <div
        class="dataTable__col"
      >
        629
      </div>
    </div>
    <div
      class="dataTable__row"
      role="button"
      title="Isolamento domiciliare"
    >
      <div
        class="dataTable__col"
      >
        Isolamento domiciliare
      </div>
      <div
        class="dataTable__col"
      >
        1313
      </div>
    </div>
    <div
      class="dataTable__row"
      role="button"
      title="Totale positivi"
    >
      <div
        class="dataTable__col"
      >
        Totale positivi
      </div>
      <div
        class="dataTable__col"
      >
        1942
      </div>
    </div>
    <div
      class="dataTable__row"
      role="button"
      title="Variazione totale positivi"
    >
      <div
        class="dataTable__col"
      >
        Variazione totale positivi
      </div>
      <div
        class="dataTable__col"
      >
        49
      </div>
    </div>
    <div
      class="dataTable__row"
      role="button"
      title="Nuovi positivi"
    >
      <div
        class="dataTable__col"
      >
        Nuovi positivi
      </div>
      <div
        class="dataTable__col"
      >
        73
      </div>
    </div>
    <div
      class="dataTable__row"
      role="button"
      title="Dimessi guariti"
    >
      <div
        class="dataTable__col"
      >
        Dimessi guariti
      </div>
      <div
        class="dataTable__col"
      >
        152
      </div>
    </div>
    <div
      class="dataTable__row"
      role="button"
      title="Deceduti"
    >
      <div
        class="dataTable__col"
      >
        Deceduti
      </div>
      <div
        class="dataTable__col"
      >
        138
      </div>
    </div>
    <div
      class="dataTable__row dataTable__rowSelected"
      role="button"
      title="Casi totali"
    >
      <div
        class="dataTable__col"
      >
        Casi totali
      </div>
      <div
        class="dataTable__col"
      >
        2232
      </div>
    </div>
    <div
      class="dataTable__row"
      role="button"
      title="Tamponi"
    >
      <div
        class="dataTable__col"
      >
        Tamponi
      </div>
      <div
        class="dataTable__col"
      >
        28742
      </div>
    </div>
    <div
      class="dataTable__rowDate"
    >
      Data updated on April 09 2020
    </div>
  </div>
</DocumentFragment>
`;
